// Jest Snapshot v1, https://goo.gl/fbAQLP

exports[`renders the UI as expected 1`] = `
<ul
  className="list"
>
  <li
    className="list-item"
  >
    You have 
    0
     BudGit
    z
  </li>
  <li
    className="list-item"
  >
    Your Status:
  </li>
  <div>
    <h4>
      Lil BudGitter
    </h4>
    <p>
      Add 
      10
       more BudGit
      z
       to get to Legit status
    </p>
  </div>
  <li
    className="list-item"
  >
    <a
      className="logout"
      href="/login"
      onClick={[Function]}
    >
      Logout
    </a>
     
  </li>
</ul>
`;
