// Jest Snapshot v1, https://goo.gl/fbAQLP

exports[`renders the UI as expected 1`] = `
<div
  className="Item"
>
  <header
    className="Item-Header"
  >
    <div
      className="item-name-expand"
    >
      <button
        className="Item__expand-item-button"
        onClick={[Function]}
        type="button"
      >
        <i
          className="fas fa-chevron-right"
        />
      </button>
    </div>
    <h3
      className="Item__name"
      onClick={[Function]}
    />
    <div
      role="alert"
    />
    <div
      className="item-remove-delete"
    >
      <div
        className="remove-button"
      >
        <button
          className="item__calc"
          name="calc"
          onClick={[Function]}
          type="radio"
        >
          <i
            className="fas fa-circle"
          />
        </button>
      </div>
      <div
        className="delete-button"
      >
        <button
          className="item__delete"
          onClick={[Function]}
          type="button"
        >
          <i
            className="fas fa-times"
          />
        </button>
      </div>
    </div>
  </header>
  <div
    className="item-cost-qty"
  >
    <div
      className="item-cost-display"
    >
         cost: $
       
    </div>
    <div
      className="item-qty-display"
    >
       qty: 
    </div>
  </div>
  <br />
  <div
    className="Item__date"
  >
    <div
      className="Item__date-made"
    >
      Added:
       
      <span
        className="date-made"
      >
        Wednesday 12/31/1969
      </span>
    </div>
  </div>
</div>
`;
